case,rep,id,name,type,commander_id,commander_name,level,affiliation,force,init_comps,cbt_per_comp,init_cbt_pwr,system_entity,start_entity,time_added,total_events,status_events,location_events,seen_events,spot_events,stop_events,shot_events,kill_events,loss_events
case_name,rep_num,ent1,red inf sect,infantry,ent8,red comd,2,red,red force,3,1,3,FALSE,TRUE,0,0,0,0,0,0,0,0,0,0
case_name,rep_num,ent2,red inf sect-2,infantry,ent8,red comd,2,red,red force,3,1,3,FALSE,TRUE,0,0,0,0,0,0,0,0,0,0
case_name,rep_num,ent3,red inf sect-3,infantry,ent8,red comd,2,red,red force,3,1,3,FALSE,TRUE,0,0,0,0,0,0,0,0,0,0
case_name,rep_num,ent4,red snpr pair,infantry,ent8,red comd,2,red,red force,1,9,9,FALSE,TRUE,0,0,0,0,0,0,0,0,0,0
case_name,rep_num,ent5,red snpr pair-2,infantry,ent8,red comd,2,red,red force,1,9,9,FALSE,TRUE,0,0,0,0,0,0,0,0,0,0
case_name,rep_num,ent6,red inf AT,infantry,ent8,red comd,2,red,red force,2,6,12,FALSE,TRUE,0,0,0,0,0,0,0,0,0,0
case_name,rep_num,ent7,red inf AT-2,infantry,ent8,red comd,2,red,red force,2,6,12,FALSE,TRUE,0,0,0,0,0,0,0,0,0,0
case_name,rep_num,ent8,red comd,hq,ent8,red comd,1,red,red force,3,0,0,FALSE,TRUE,0,0,0,0,0,0,0,0,0,0
